// Jest Snapshot v1, https://goo.gl/fbAQLP

exports[`AboutView El HTML se renderiza correctamente 1`] = `
<h1>About us</h1>
<div>
  <p>Lorem ipsum dolor sit amet, consectetur adipisicing elit. Iure, iste, mollitia adipisci neque harum eos expedita perferendis quo vero, repudiandae voluptatum molestiae officiis. Recusandae ex animi cupiditate exercitationem. Ipsam, voluptate.</p>
</div>
`;
