// Jest Snapshot v1, https://goo.gl/fbAQLP

exports[`ContactView EL HTML mantiene su estructura 1`] = `
<h1>Contact us</h1>
<form><label for="name">Name:</label><input type="text" id="name" name="name" required=""><label for="email">Email:</label><input type="email" id="email" name="email" required=""><label for="message">Message:</label><textarea id="message" name="message" required=""></textarea><button type="submit">Submit</button></form>
`;
